// Jest Snapshot v1, https://goo.gl/fbAQLP

exports[`Pruebas en <GifExpertApp /> debe de hacer match con el snapshot 1`] = `
<div>
  <section
    class="container mx-auto p-8"
  >
    <h1
      class="text-3xl font-bold mb-4"
    >
      GifExpertApp
    </h1>
    <div
      class="flex justify-between items-center gap-2 w-full mb-4"
    >
      <form
        aria-label="form"
        class="w-full"
      >
        <input
          class="w-full py-4 px-4 bg-white font-semibold rounded border-2 focus:border-blue-400"
          placeholder="Buscar Gif"
          type="text"
          value="One punch"
        />
      </form>
    </div>
    <ul
      class="ms-4 mt-4 divide-y divide-gray-200 list-decimal"
    >
      <li
        class="py-4"
      >
        <h3
          class="text-2xl font-bold mb-5"
        >
          One Punch
        </h3>
        <div
          class="text-sm font-bold mb-5"
        >
          Cargando...
        </div>
        <ol
          class="grid sm:grid-cols-2 md:grid-cols-3 lg:grid-cols-4 xl:grid-cols-5 gap-6"
        />
      </li>
    </ul>
  </section>
</div>
`;
